Accuracy for  Terang  :  0.797875871224693
Accuracy for  Berawan  :  0.8221820373719108
Accuracy for  Mendung  :  0.711864406779661
Accuracy for  Hujan  :  0.8291893482418714
