Accuracy for  Terang  :  0.8295779117740399
Accuracy for  Berawan  :  0.8303230985350191
Accuracy for  Mendung  :  0.697560975609756
Accuracy for  Hujan  :  0.8304881701108117
