Accuracy for  Terang  :  0.8224489795918367
Accuracy for  Berawan  :  0.8358104036955212
Accuracy for  Mendung  :  0.7357512953367875
Accuracy for  Hujan  :  0.837024171370676
