Accuracy for  Terang  :  0.8214285714285714
Accuracy for  Berawan  :  0.8278943669043076
Accuracy for  Mendung  :  0.7114093959731543
Accuracy for  Hujan  :  0.8303318946271767
