Accuracy for  Terang  :  0.6701620591039085
Accuracy for  Berawan  :  0.7566429359270029
Accuracy for  Mendung  :  0.6387832699619772
Accuracy for  Hujan  :  0.797793562037177
