Accuracy for  Terang  :  0.8126410835214447
Accuracy for  Berawan  :  0.8216867469879519
Accuracy for  Mendung  :  0.7305699481865285
Accuracy for  Hujan  :  0.8213756300029648
